BETELGEUZE_ENGINE_1.0 {
    global:
        bg_abi_version;
        bg_abi_version_major;
        bg_abi_version_minor;
        bg_abi_version_string;
        bg_status_string;
        bg_backend_string;
        bg_unit_system_string;
        bg_last_error_message;
        bg_last_error_message_copy;
        bg_context_options_init;
        bg_particle_soa_init;
        bg_particle_soa_view_init;
        bg_position_soa_init;
        bg_backend_is_available;
        bg_context_create;
        bg_context_destroy;
        bg_context_get_backend;
        bg_context_get_device_ordinal;
        bg_context_get_unit_system;
        bg_system_create;
        bg_system_destroy;
        bg_system_get_particle_count;
        bg_system_get_unit_system;
        bg_system_get_particles;
        bg_system_set_positions;
    local:
        *;
};

BETELGEUZE_ENGINE_1.1 {
    global:
        bg_forcefield_soa_v1_init;
        bg_force_soa_v1_init;
        bg_energy_components_v1_init;
        bg_forcefield_create;
        bg_forcefield_destroy;
        bg_forcefield_get_atom_count;
        bg_context_evaluate;
} BETELGEUZE_ENGINE_1.0;

BETELGEUZE_ENGINE_1.3 {
    global:
        bg_distance_constraints_v1_init;
        bg_simulation_options_v1_init;
        bg_minimizer_options_v1_init;
        bg_minimization_report_v1_init;
        bg_dynamics_report_v1_init;
        bg_simulation_create;
        bg_simulation_destroy;
        bg_simulation_get_particles;
        bg_simulation_get_absolute_step;
        bg_context_minimize;
        bg_context_integrate;
        bg_simulation_checkpoint_size;
        bg_simulation_checkpoint_write;
        bg_simulation_checkpoint_load;
} BETELGEUZE_ENGINE_1.1;

BETELGEUZE_ENGINE_1.5 {
    global:
        bg_docking_scorer_v1_context_soa_v1_init;
        bg_docking_scorer_v1_candidate_batch_soa_v1_init;
        bg_docking_scorer_v1_output_v1_init;
        bg_docking_scorer_v1_create;
        bg_docking_scorer_v1_destroy;
        bg_docking_scorer_v1_get_backend;
        bg_docking_scorer_v1_score_fixed64;
} BETELGEUZE_ENGINE_1.3;

BETELGEUZE_ENGINE_1.6 {
    global:
        bg_docking_pose_validity_context_soa_v1_init;
        bg_docking_pose_validity_candidate_batch_soa_v1_init;
        bg_docking_pose_validity_output_v1_init;
        bg_docking_pose_validity_v1_create;
        bg_docking_pose_validity_v1_destroy;
        bg_docking_pose_validity_v1_get_backend;
        bg_docking_pose_validity_v1_evaluate_fixed64;
} BETELGEUZE_ENGINE_1.5;

BETELGEUZE_ENGINE_1.7 {
    global:
        bg_docking_stable_top_k_input_v1_init;
        bg_docking_stable_top_k_output_v1_init;
        bg_docking_stable_top_k_v1_create;
        bg_docking_stable_top_k_v1_destroy;
        bg_docking_stable_top_k_v1_get_backend;
        bg_docking_stable_top_k_v1_rank_fixed64;
} BETELGEUZE_ENGINE_1.6;

BETELGEUZE_ENGINE_1.8 {
    global:
        bg_docking_rmsd_cluster_input_v1_init;
        bg_docking_rmsd_cluster_output_v1_init;
        bg_docking_stable_top_k_v1_cluster_direct_rmsd_fixed64;
} BETELGEUZE_ENGINE_1.7;

BETELGEUZE_ENGINE_1.9 {
    global:
        bg_docking_torsion_v7_context_soa_v1_init;
        bg_docking_torsion_v7_candidate_batch_soa_v1_init;
        bg_docking_torsion_v7_output_v1_init;
        bg_docking_torsion_v7_create;
        bg_docking_torsion_v7_destroy;
        bg_docking_torsion_v7_get_backend;
        bg_docking_torsion_v7_refine_fixed64;
} BETELGEUZE_ENGINE_1.8;

BETELGEUZE_ENGINE_1.10 {
    global:
        bg_docking_rigid_refinement_context_soa_v1_init;
        bg_docking_rigid_refinement_candidate_batch_soa_v1_init;
        bg_docking_rigid_refinement_output_v1_init;
        bg_docking_rigid_refinement_create;
        bg_docking_rigid_refinement_destroy;
        bg_docking_rigid_refinement_get_backend;
        bg_docking_rigid_refinement_fixed64;
} BETELGEUZE_ENGINE_1.9;

BETELGEUZE_ENGINE_1.11 {
    global:
        bg_docking_fixed64_downstream_v1_create;
        bg_docking_fixed64_downstream_v1_destroy;
        bg_docking_fixed64_downstream_v1_get_backend;
        bg_docking_fixed64_downstream_v1_run;
} BETELGEUZE_ENGINE_1.10;

BETELGEUZE_ENGINE_1.12 {
    global:
        bg_docking_fixed64_refinement_input_v1_init;
        bg_docking_fixed64_refinement_output_v1_init;
        bg_docking_fixed64_refinement_pipeline_v1_create;
        bg_docking_fixed64_refinement_pipeline_v1_destroy;
        bg_docking_fixed64_refinement_pipeline_v1_get_backend;
        bg_docking_fixed64_refinement_pipeline_v1_run;
} BETELGEUZE_ENGINE_1.11;

BETELGEUZE_ENGINE_1.13 {
    global:
        bg_docking_geometric_admission_context_soa_v1_init;
        bg_docking_geometric_admission_candidate_batch_soa_v1_init;
        bg_docking_geometric_admission_output_v1_init;
        bg_docking_geometric_admission_v1_create;
        bg_docking_geometric_admission_v1_destroy;
        bg_docking_geometric_admission_v1_get_backend;
        bg_docking_geometric_admission_v1_evaluate_fixed64;
} BETELGEUZE_ENGINE_1.12;

BETELGEUZE_ENGINE_1.14 {
    global:
        bg_docking_fixed64_allocation_input_v1_init;
        bg_docking_fixed64_allocation_output_v1_init;
        bg_docking_fixed64_allocation_v1_build;
} BETELGEUZE_ENGINE_1.13;

BETELGEUZE_ENGINE_1.15 {
    global:
        bg_docking_fixed64_so3_input_v1_init;
        bg_docking_fixed64_so3_output_v1_init;
        bg_docking_fixed64_so3_v1_generate;
} BETELGEUZE_ENGINE_1.14;

BETELGEUZE_ENGINE_1.16 {
    global:
        bg_docking_fixed64_indexed_so3_input_v1_init;
        bg_docking_fixed64_indexed_so3_output_v1_init;
        bg_docking_fixed64_indexed_so3_v1_place;
} BETELGEUZE_ENGINE_1.15;

BETELGEUZE_ENGINE_1.17 {
    global:
        bg_docking_fixed64_single_anchor_input_v1_init;
        bg_docking_fixed64_single_anchor_output_v1_init;
        bg_docking_fixed64_single_anchor_v1_place;
} BETELGEUZE_ENGINE_1.16;

BETELGEUZE_ENGINE_1.18 {
    global:
        bg_docking_fixed64_producer_input_v1_init;
        bg_docking_fixed64_producer_output_v1_init;
        bg_docking_fixed64_producer_v1_run;
} BETELGEUZE_ENGINE_1.17;

BETELGEUZE_ENGINE_1.19 {
    global:
        bg_docking_fixed64_producer_v1_profile_id;
} BETELGEUZE_ENGINE_1.18;

BETELGEUZE_ENGINE_1.20 {
    global:
        bg_docking_fixed64_pipeline_input_v1_init;
        bg_docking_fixed64_pipeline_output_v1_init;
        bg_docking_fixed64_pipeline_v1_create;
        bg_docking_fixed64_pipeline_v1_destroy;
        bg_docking_fixed64_pipeline_v1_get_backend;
        bg_docking_fixed64_pipeline_v1_profile_id;
        bg_docking_fixed64_pipeline_v1_run;
} BETELGEUZE_ENGINE_1.19;

BETELGEUZE_ENGINE_1.21 {
    global:
        bg_docking_fixed64_pipeline_input_v2_init;
        bg_docking_fixed64_pipeline_output_v2_init;
        bg_docking_fixed64_pipeline_v2_create;
        bg_docking_fixed64_pipeline_v2_destroy;
        bg_docking_fixed64_pipeline_v2_get_backend;
        bg_docking_fixed64_pipeline_v2_profile_id;
        bg_docking_fixed64_pipeline_v2_run;
} BETELGEUZE_ENGINE_1.20;
